Fetching 7 files:   0%|          | 0/7 [00:00<?, ?it/s]Still waiting to acquire lock on models/Wan-AI/Wan2.2-I2V-A14B/.cache/huggingface/.gitignore.lock (elapsed: 0.1 seconds)
Still waiting to acquire lock on models/Wan-AI/Wan2.2-I2V-A14B/.cache/huggingface/.gitignore.lock (elapsed: 0.1 seconds)
Still waiting to acquire lock on models/Wan-AI/Wan2.2-I2V-A14B/.cache/huggingface/.gitignore.lock (elapsed: 0.1 seconds)
Still waiting to acquire lock on models/Wan-AI/Wan2.2-I2V-A14B/.cache/huggingface/.gitignore.lock (elapsed: 0.1 seconds)
Downloading 'google/umt5-xxl/tokenizer_config.json' to 'models/Wan-AI/Wan2.2-I2V-A14B/.cache/huggingface/download/google/umt5-xxl/vzaExXFZNBay89bvlQv-ZcI6BTg=.4e1cc1cd85599ce0b47fd0a746af188fe4043ff2.incomplete'
Downloading 'Wan2.1_VAE.pth' to 'models/Wan-AI/Wan2.2-I2V-A14B/.cache/huggingface/download/OZTShqo6Di7rh0SEswnfwSjKa9w=.38071ab59bd94681c686fa51d75a1968f64e470262043be31f7a094e442fd981.incomplete'
Downloading 'google/umt5-xxl/tokenizer.json' to 'models/Wan-AI/Wan2.2-I2V-A14B/.cache/huggingface/download/google/umt5-xxl/HgM_lKo9sdSCfRtVg7MMFS7EKqo=.6e197b4d3dbd71da14b4eb255f4fa91c9c1f2068b20a2de2472967ca3d22602b.incomplete'
Downloading 'google/umt5-xxl/spiece.model' to 'models/Wan-AI/Wan2.2-I2V-A14B/.cache/huggingface/download/google/umt5-xxl/vj8E1loknrCNPSP8nWJC234Bff4=.e3909a67b780650b35cf529ac782ad2b6b26e6d1f849d3fbb6a872905f452458.incomplete'
Downloading 'google/umt5-xxl/special_tokens_map.json' to 'models/Wan-AI/Wan2.2-I2V-A14B/.cache/huggingface/download/google/umt5-xxl/ahkChHUJFxEmOdq5GDFEmerRzCY=.14855e7052ffbb595057dfd791d293c1c940db2c.incomplete'
Download complete. Moving file to models/Wan-AI/Wan2.2-I2V-A14B/google/umt5-xxl/tokenizer_config.json
Downloading 'configuration.json' to 'models/Wan-AI/Wan2.2-I2V-A14B/.cache/huggingface/download/pOL2LEBeNWU9Y3bTUNO_khibHs8=.dc867bf9a56dc745fb98b8cdfee9e69a3ec53926.incomplete'
Download complete. Moving file to models/Wan-AI/Wan2.2-I2V-A14B/google/umt5-xxl/special_tokens_map.json
Download complete. Moving file to models/Wan-AI/Wan2.2-I2V-A14B/configuration.json
Downloading 'models_t5_umt5-xxl-enc-bf16.pth' to 'models/Wan-AI/Wan2.2-I2V-A14B/.cache/huggingface/download/7xjTyx9p9-CteGiI3VEINu_Ohx0=.7cace0da2b446bbbbc57d031ab6cf163a3d59b366da94e5afe36745b746fd81d.incomplete'
Download complete. Moving file to models/Wan-AI/Wan2.2-I2V-A14B/google/umt5-xxl/spiece.model
Download complete. Moving file to models/Wan-AI/Wan2.2-I2V-A14B/google/umt5-xxl/tokenizer.json
Download complete. Moving file to models/Wan-AI/Wan2.2-I2V-A14B/Wan2.1_VAE.pth
Fetching 7 files:  14%|█▍        | 1/7 [01:00<06:05, 60.96s/it]Download complete. Moving file to models/Wan-AI/Wan2.2-I2V-A14B/models_t5_umt5-xxl-enc-bf16.pth
Fetching 7 files: 100%|██████████| 7/7 [02:43<00:00, 21.61s/it]Fetching 7 files: 100%|██████████| 7/7 [02:43<00:00, 23.29s/it]
/data/fuhaiwen1/LightX2V/models/Wan-AI/Wan2.2-I2V-A14B
