Fetching 3 files:   0%|          | 0/3 [00:00<?, ?it/s]Downloading 'wan2.2_i2v_A14b_high_noise_int8_lightx2v_4step.safetensors' to 'models/lightx2v/Wan2.2-Distill-Models/.cache/huggingface/download/uhPHrpORhCxDMopthT70cKMgG4k=.c4db93b718deef6c353ab0fae62da7e8afd2ca42eb4234dc7aea2f62ea9a0cd1.incomplete'
Downloading 'wan2.2_i2v_A14b_low_noise_int8_lightx2v_4step.safetensors' to 'models/lightx2v/Wan2.2-Distill-Models/.cache/huggingface/download/-2fxo3WErJEPxZJPMS4y-RWH8Ng=.3182e8176852d430da69537c6272204a1fd849d044403bbd9ad103fb6fe117b5.incomplete'
Downloading 'config.json' to 'models/lightx2v/Wan2.2-Distill-Models/.cache/huggingface/download/8_PA_wEVGiVa2goH2H4KQOQpvVY=.652ba98f1ae73d170f1a453975e67b6c8e994bde.incomplete'
Download complete. Moving file to models/lightx2v/Wan2.2-Distill-Models/config.json
Fetching 3 files:  33%|███▎      | 1/3 [00:01<00:02,  1.45s/it]Cancellation requested; stopping current tasks.
Fetching 3 files:  33%|███▎      | 1/3 [05:38<11:17, 338.56s/it]
Traceback (most recent call last):
  File "/opt/conda/bin/hf", line 8, in <module>
    sys.exit(main())
             ^^^^^^
  File "/opt/conda/lib/python3.11/site-packages/huggingface_hub/cli/hf.py", line 59, in main
    service.run()
  File "/opt/conda/lib/python3.11/site-packages/huggingface_hub/cli/download.py", line 136, in run
    print(self._download())  # Print path to downloaded files
          ^^^^^^^^^^^^^^^^
  File "/opt/conda/lib/python3.11/site-packages/huggingface_hub/cli/download.py", line 169, in _download
    return snapshot_download(
           ^^^^^^^^^^^^^^^^^^
  File "/opt/conda/lib/python3.11/site-packages/huggingface_hub/utils/_validators.py", line 114, in _inner_fn
    return fn(*args, **kwargs)
           ^^^^^^^^^^^^^^^^^^^
  File "/opt/conda/lib/python3.11/site-packages/huggingface_hub/_snapshot_download.py", line 332, in snapshot_download
    thread_map(
  File "/opt/conda/lib/python3.11/site-packages/tqdm/contrib/concurrent.py", line 69, in thread_map
    return _executor_map(ThreadPoolExecutor, fn, *iterables, **tqdm_kwargs)
           ^^^^^^^^^^^^^^^^^^^^^^^^^^^^^^^^^^^^^^^^^^^^^^^^^^^^^^^^^^^^^^^^
  File "/opt/conda/lib/python3.11/site-packages/tqdm/contrib/concurrent.py", line 51, in _executor_map
    return list(tqdm_class(ex.map(fn, *iterables, chunksize=chunksize), **kwargs))
           ^^^^^^^^^^^^^^^^^^^^^^^^^^^^^^^^^^^^^^^^^^^^^^^^^^^^^^^^^^^^^^^^^^^^^^^
  File "/opt/conda/lib/python3.11/site-packages/tqdm/std.py", line 1181, in __iter__
    for obj in iterable:
  File "/opt/conda/lib/python3.11/concurrent/futures/_base.py", line 619, in result_iterator
    yield _result_or_cancel(fs.pop())
          ^^^^^^^^^^^^^^^^^^^^^^^^^^^
  File "/opt/conda/lib/python3.11/concurrent/futures/_base.py", line 317, in _result_or_cancel
    return fut.result(timeout)
           ^^^^^^^^^^^^^^^^^^^
  File "/opt/conda/lib/python3.11/concurrent/futures/_base.py", line 451, in result
    self._condition.wait(timeout)
  File "/opt/conda/lib/python3.11/threading.py", line 327, in wait
    waiter.acquire()
KeyboardInterrupt
